   text	   data	    bss	    dec	    hex	filename
    108	     64	      0	    172	     ac	bin/am_resources.o
    144	      0	      0	    144	     90	bin/main.o
 160452	      0	      0	 160452	  272c4	bin/nemadc_qspi_test.o
    564	      0	     12	    576	    240	bin/nema_dc_hal.o
      0	      0	      0	      0	      0	bin/nema_event.o
    812	 983044	     24	 983880	  f0348	bin/nema_hal.o
   1072	      8	     61	   1141	    475	bin/nema_utils.o
     64	      0	      0	     64	     40	bin/am_util_delay.o
   3895	      0	    257	   4152	   1038	bin/am_util_stdio.o
   1536	      0	      0	   1536	    600	bin/am_devices_nemadc_rm67162.o
    628	  11008	      0	  11636	   2d74	bin/startup_gcc.o
   5136	     88	   2053	   7277	   1c6d	am_bsp.o (ex ../../../../bsp/gcc/bin/libam_bsp.a)
      0	    476	     32	    508	    1fc	am_bsp_pins.o (ex ../../../../bsp/gcc/bin/libam_bsp.a)
     40	      0	      0	     40	     28	am_hal_bootrom_helper.o (ex ../../../../../../mcu/apollo4b/hal/mcu/gcc/bin/libam_hal.a)
    482	      0	      0	    482	    1e2	am_hal_cachectrl.o (ex ../../../../../../mcu/apollo4b/hal/mcu/gcc/bin/libam_hal.a)
   5276	      0	      0	   5276	   149c	am_hal_card.o (ex ../../../../../../mcu/apollo4b/hal/mcu/gcc/bin/libam_hal.a)
    236	    148	      0	    384	    180	am_hal_card_host.o (ex ../../../../../../mcu/apollo4b/hal/mcu/gcc/bin/libam_hal.a)
    628	      0	      0	    628	    274	am_hal_clkgen.o (ex ../../../../../../mcu/apollo4b/hal/mcu/gcc/bin/libam_hal.a)
   1864	      0	    484	   2348	    92c	am_hal_cmdq.o (ex ../../../../../../mcu/apollo4b/hal/mcu/gcc/bin/libam_hal.a)
   1600	      0	      0	   1600	    640	am_hal_dsi.o (ex ../../../../../../mcu/apollo4b/hal/mcu/gcc/bin/libam_hal.a)
    108	      0	      0	    108	     6c	am_hal_fault.o (ex ../../../../../../mcu/apollo4b/hal/mcu/gcc/bin/libam_hal.a)
     24	      0	      0	     24	     18	am_hal_interrupt.o (ex ../../../../../../mcu/apollo4b/hal/mcu/gcc/bin/libam_hal.a)
   8776	      0	      0	   8776	   2248	am_hal_iom.o (ex ../../../../../../mcu/apollo4b/hal/mcu/gcc/bin/libam_hal.a)
   2276	      0	      0	   2276	    8e4	am_hal_ios.o (ex ../../../../../../mcu/apollo4b/hal/mcu/gcc/bin/libam_hal.a)
    500	      0	      0	    500	    1f4	am_hal_itm.o (ex ../../../../../../mcu/apollo4b/hal/mcu/gcc/bin/libam_hal.a)
    868	      0	      0	    868	    364	am_hal_mcuctrl.o (ex ../../../../../../mcu/apollo4b/hal/mcu/gcc/bin/libam_hal.a)
    188	      0	      0	    188	     bc	am_hal_mpu.o (ex ../../../../../../mcu/apollo4b/hal/mcu/gcc/bin/libam_hal.a)
    356	    184	      0	    540	    21c	am_hal_mram.o (ex ../../../../../../mcu/apollo4b/hal/mcu/gcc/bin/libam_hal.a)
   6804	      0	      0	   6804	   1a94	am_hal_mspi.o (ex ../../../../../../mcu/apollo4b/hal/mcu/gcc/bin/libam_hal.a)
    352	      0	      4	    356	    164	am_hal_reset.o (ex ../../../../../../mcu/apollo4b/hal/mcu/gcc/bin/libam_hal.a)
   1220	      0	      0	   1220	    4c4	am_hal_rtc.o (ex ../../../../../../mcu/apollo4b/hal/mcu/gcc/bin/libam_hal.a)
   3552	      0	    212	   3764	    eb4	am_hal_sdhc.o (ex ../../../../../../mcu/apollo4b/hal/mcu/gcc/bin/libam_hal.a)
    308	      0	     12	    320	    140	am_hal_secure_ota.o (ex ../../../../../../mcu/apollo4b/hal/mcu/gcc/bin/libam_hal.a)
    372	      0	      0	    372	    174	am_hal_sysctrl.o (ex ../../../../../../mcu/apollo4b/hal/mcu/gcc/bin/libam_hal.a)
    168	      0	      0	    168	     a8	am_hal_systick.o (ex ../../../../../../mcu/apollo4b/hal/mcu/gcc/bin/libam_hal.a)
    100	      0	      0	    100	     64	am_hal_tpiu.o (ex ../../../../../../mcu/apollo4b/hal/mcu/gcc/bin/libam_hal.a)
   2628	      0	      0	   2628	    a44	am_hal_uart.o (ex ../../../../../../mcu/apollo4b/hal/mcu/gcc/bin/libam_hal.a)
    288	      0	      0	    288	    120	am_hal_utils.o (ex ../../../../../../mcu/apollo4b/hal/mcu/gcc/bin/libam_hal.a)
    200	      0	      0	    200	     c8	am_hal_access.o (ex ../../../../../../mcu/apollo4b/hal/mcu/gcc/bin/libam_hal.a)
   2008	      0	     29	   2037	    7f5	am_hal_adc.o (ex ../../../../../../mcu/apollo4b/hal/mcu/gcc/bin/libam_hal.a)
   3148	      0	     16	   3164	    c5c	am_hal_audadc.o (ex ../../../../../../mcu/apollo4b/hal/mcu/gcc/bin/libam_hal.a)
    736	     32	      4	    772	    304	am_hal_dcu.o (ex ../../../../../../mcu/apollo4b/hal/mcu/gcc/bin/libam_hal.a)
    101	      0	      4	    105	     69	am_hal_global.o (ex ../../../../../../mcu/apollo4b/hal/mcu/gcc/bin/libam_hal.a)
   1852	      0	   2048	   3900	    f3c	am_hal_gpio.o (ex ../../../../../../mcu/apollo4b/hal/mcu/gcc/bin/libam_hal.a)
   1816	      0	      0	   1816	    718	am_hal_i2s.o (ex ../../../../../../mcu/apollo4b/hal/mcu/gcc/bin/libam_hal.a)
    232	     30	      0	    262	    106	am_hal_otp.o (ex ../../../../../../mcu/apollo4b/hal/mcu/gcc/bin/libam_hal.a)
   1416	      0	      0	   1416	    588	am_hal_pdm.o (ex ../../../../../../mcu/apollo4b/hal/mcu/gcc/bin/libam_hal.a)
   4096	      0	      0	   4096	   1000	am_hal_pin.o (ex ../../../../../../mcu/apollo4b/hal/mcu/gcc/bin/libam_hal.a)
   4387	     53	      6	   4446	   115e	am_hal_pwrctrl.o (ex ../../../../../../mcu/apollo4b/hal/mcu/gcc/bin/libam_hal.a)
    248	      0	      0	    248	     f8	am_hal_queue.o (ex ../../../../../../mcu/apollo4b/hal/mcu/gcc/bin/libam_hal.a)
    352	      0	      0	    352	    160	am_hal_security.o (ex ../../../../../../mcu/apollo4b/hal/mcu/gcc/bin/libam_hal.a)
    652	      0	      1	    653	    28d	am_hal_stimer.o (ex ../../../../../../mcu/apollo4b/hal/mcu/gcc/bin/libam_hal.a)
   3864	      0	     64	   3928	    f58	am_hal_timer.o (ex ../../../../../../mcu/apollo4b/hal/mcu/gcc/bin/libam_hal.a)
   6217	      0	    264	   6481	   1951	am_hal_usb.o (ex ../../../../../../mcu/apollo4b/hal/mcu/gcc/bin/libam_hal.a)
    808	      0	      0	    808	    328	am_hal_wdt.o (ex ../../../../../../mcu/apollo4b/hal/mcu/gcc/bin/libam_hal.a)
   2744	      0	      4	   2748	    abc	nema_cmdlist.o (ex ../../../../../../third_party/ThinkSi/config/apollo4b_nemagfx/gcc/bin/lib_nema_apollo4b_nemagfx.a)
    980	      0	     20	   1000	    3e8	nema_ringbuffer.o (ex ../../../../../../third_party/ThinkSi/config/apollo4b_nemagfx/gcc/bin/lib_nema_apollo4b_nemagfx.a)
   2080	      0	      2	   2082	    822	nema_blender.o (ex ../../../../../../third_party/ThinkSi/config/apollo4b_nemagfx/gcc/bin/lib_nema_apollo4b_nemagfx.a)
   3880	      0	      4	   3884	    f2c	nema_font.o (ex ../../../../../../third_party/ThinkSi/config/apollo4b_nemagfx/gcc/bin/lib_nema_apollo4b_nemagfx.a)
   5397	      0	      0	   5397	   1515	nema_graphics.o (ex ../../../../../../third_party/ThinkSi/config/apollo4b_nemagfx/gcc/bin/lib_nema_apollo4b_nemagfx.a)
   1696	      0	      0	   1696	    6a0	nema_interpolators.o (ex ../../../../../../third_party/ThinkSi/config/apollo4b_nemagfx/gcc/bin/lib_nema_apollo4b_nemagfx.a)
      0	      0	      0	      0	      0	nema_mmu.o (ex ../../../../../../third_party/ThinkSi/config/apollo4b_nemagfx/gcc/bin/lib_nema_apollo4b_nemagfx.a)
    496	      0	      0	    496	    1f0	nema_ocd.o (ex ../../../../../../third_party/ThinkSi/config/apollo4b_nemagfx/gcc/bin/lib_nema_apollo4b_nemagfx.a)
     32	      0	      0	     32	     20	nema_pmu.o (ex ../../../../../../third_party/ThinkSi/config/apollo4b_nemagfx/gcc/bin/lib_nema_apollo4b_nemagfx.a)
   6316	      0	      0	   6316	   18ac	nema_programHW.o (ex ../../../../../../third_party/ThinkSi/config/apollo4b_nemagfx/gcc/bin/lib_nema_apollo4b_nemagfx.a)
    268	      0	      0	    268	    10c	nema_rasterizer.o (ex ../../../../../../third_party/ThinkSi/config/apollo4b_nemagfx/gcc/bin/lib_nema_apollo4b_nemagfx.a)
   4604	      0	      0	   4604	   11fc	nema_shaderSpecific.o (ex ../../../../../../third_party/ThinkSi/config/apollo4b_nemagfx/gcc/bin/lib_nema_apollo4b_nemagfx.a)
     92	      0	      0	     92	     5c	nema_vertex.o (ex ../../../../../../third_party/ThinkSi/config/apollo4b_nemagfx/gcc/bin/lib_nema_apollo4b_nemagfx.a)
   2424	      0	      0	   2424	    978	nema_easing.o (ex ../../../../../../third_party/ThinkSi/config/apollo4b_nemagfx/gcc/bin/lib_nema_apollo4b_nemagfx.a)
    648	      0	      0	    648	    288	nema_math.o (ex ../../../../../../third_party/ThinkSi/config/apollo4b_nemagfx/gcc/bin/lib_nema_apollo4b_nemagfx.a)
   2592	      0	      0	   2592	    a20	nema_matrix3x3.o (ex ../../../../../../third_party/ThinkSi/config/apollo4b_nemagfx/gcc/bin/lib_nema_apollo4b_nemagfx.a)
   2924	      0	      0	   2924	    b6c	nema_matrix4x4.o (ex ../../../../../../third_party/ThinkSi/config/apollo4b_nemagfx/gcc/bin/lib_nema_apollo4b_nemagfx.a)
   3840	      0	      0	   3840	    f00	nema_transitions.o (ex ../../../../../../third_party/ThinkSi/config/apollo4b_nemagfx/gcc/bin/lib_nema_apollo4b_nemagfx.a)
   3284	      0	     36	   3320	    cf8	nema_dc.o (ex ../../../../../../third_party/ThinkSi/config/apollo4b_nemagfx/gcc/bin/lib_nema_apollo4b_nemagfx.a)
    648	      0	     12	    660	    294	nema_dc_jdi.o (ex ../../../../../../third_party/ThinkSi/config/apollo4b_nemagfx/gcc/bin/lib_nema_apollo4b_nemagfx.a)
    744	      0	      0	    744	    2e8	nema_dc_mipi.o (ex ../../../../../../third_party/ThinkSi/config/apollo4b_nemagfx/gcc/bin/lib_nema_apollo4b_nemagfx.a)
     20	      0	      0	     20	     14	am_util_delay.o (ex ../../../../../../third_party/ThinkSi/config/apollo4b_nemagfx/gcc/bin/lib_nema_apollo4b_nemagfx.a)
   3163	      0	    257	   3420	    d5c	am_util_stdio.o (ex ../../../../../../third_party/ThinkSi/config/apollo4b_nemagfx/gcc/bin/lib_nema_apollo4b_nemagfx.a)
    536	      0	     80	    616	    268	tsi_malloc.o (ex ../../../../../../third_party/ThinkSi/config/apollo4b_nemagfx/gcc/bin/lib_nema_apollo4b_nemagfx.a)
   9228	 983532	  11256	1004016	  f51f0	bin/nemadc_qspi_test.axf
